<pre>
  Error: Duplicate file type 'page' added at path '/$'. File '/Users/rturnquist/dev/marko/run/packages/run/src/__tests__/fixtures/error-invalid-routes/src/routes/$foo+page.marko' collides with '/Users/rturnquist/dev/marko/run/packages/run/src/__tests__/fixtures/error-invalid-routes/src/routes/$bar+page.marko'.
    at _VDir.addFile (file:///Users/rturnquist/dev/marko/run/packages/run/dist/vite/index.js:0:0)
    at onFile (file:///Users/rturnquist/dev/marko/run/packages/run/dist/vite/index.js:0:0)
    at walk (file:///Users/rturnquist/dev/marko/run/packages/run/dist/vite/index.js:0:0)
    at async walkFS (file:///Users/rturnquist/dev/marko/run/packages/run/dist/vite/index.js:0:0)
    at async buildRoutes (file:///Users/rturnquist/dev/marko/run/packages/run/dist/vite/index.js:0:0)
    at async file:///Users/rturnquist/dev/marko/run/packages/run/dist/vite/index.js:0:0
    at async file:///Users/rturnquist/dev/marko/run/packages/run/dist/vite/index.js:0:0
    at async Context.resolveId (file:///Users/rturnquist/dev/marko/run/packages/run/dist/vite/index.js:0:0)
    at async Object.resolveId (file:///Users/rturnquist/dev/marko/run/node_modules/vite/dist/node/chunks/dep-2b82a1ce.js:0:0)
    at async ModuleGraph._resolveUrl (file:///Users/rturnquist/dev/marko/run/node_modules/vite/dist/node/chunks/dep-2b82a1ce.js:0:0)
    at async file:///Users/rturnquist/dev/marko/run/node_modules/vite/dist/node/chunks/dep-2b82a1ce.js:0:0
    at async instantiateModule (file:///Users/rturnquist/dev/marko/run/node_modules/vite/dist/node/chunks/dep-2b82a1ce.js:0:0)
</pre>
<script
  async=""
  src="/__marko-run__error.marko?marko-browser-entry"
  type="module"
/>