<pre
  style="word-wrap: break-word; white-space: pre-wrap;"
>
  Error: Duplicate file type 'page' added at path '/$'. File 'src/routes/$foo+page.marko' collides with 'src/routes/$bar+page.marko'.
    at [Normalized Error Stack]
</pre>