Page rendered 
<article>
  /src/file.txt
</article>