Page rendered 
<article>
  /assets/file-DWFsXuJW.txt
</article>