["a=1; Expires = Fri, 15 Jun 2023 12:00:00 GMT; path=/mon","b=2; Expires=Sat, 15 May 2023 18:00:00 GMT"]