<nav>
  <a
    href="/users/123"
  >
    User 123
  </a>
  <a
    href="/users/456"
  >
    User 456
  </a>
</nav>
<h1>
  User 123
</h1>