Page rendered from express server https://markojs.com/